// Jest Snapshot v1, https://goo.gl/fbAQLP

exports[`Day Finder should render Day Finder 1`] = `
<div
  className="makeStyles-container-1"
>
  <div
    style={
      Object {
        "display": "flex",
        "justifyContent": "center",
        "padding": 20,
      }
    }
  >
    <div
      className="MuiPaper-root MuiPaper-elevation3 MuiPaper-rounded"
      style={
        Object {
          "alignItems": "center",
          "display": "flex",
          "flexDirection": "column",
          "height": 500,
          "justifyContent": "space-evenly",
          "width": 550,
        }
      }
    >
      <div
        className="MuiFormControl-root MuiTextField-root"
      >
        <div
          className="MuiInputBase-root MuiInput-root MuiInput-underline MuiInputBase-formControl MuiInput-formControl"
          onClick={[Function]}
        >
          <input
            aria-invalid={false}
            autoFocus={false}
            className="MuiInputBase-input MuiInput-input"
            disabled={false}
            onAnimationStart={[Function]}
            onBlur={[Function]}
            onChange={[Function]}
            onFocus={[Function]}
            placeholder="Enter Date"
            required={false}
            type="text"
          />
        </div>
      </div>
      <button
        className="MuiButtonBase-root MuiButton-root MuiButton-contained MuiButton-containedPrimary"
        disabled={false}
        onBlur={[Function]}
        onClick={[Function]}
        onDragLeave={[Function]}
        onFocus={[Function]}
        onKeyDown={[Function]}
        onKeyUp={[Function]}
        onMouseDown={[Function]}
        onMouseLeave={[Function]}
        onMouseUp={[Function]}
        onTouchEnd={[Function]}
        onTouchMove={[Function]}
        onTouchStart={[Function]}
        tabIndex={0}
        type="button"
      >
        <span
          className="MuiButton-label"
        >
          Calculate
        </span>
      </button>
      <p
        className="MuiTypography-root MuiTypography-body1"
      >
        
      </p>
    </div>
  </div>
</div>
`;
